     1                                  BITS 16
     2                                  section	.text
     3                                  	global _start       ;must be declared for using gcc
     4                                  _start:                     ;tell linker entry point
     5 00000000 8B07                        mov ax, [bx]
     6 00000002 66678B03                    mov eax, [ebx]
     7 00000006 8907                        mov [bx], ax
     8 00000008 66678903                    mov [ebx], eax
     9 0000000C 66BB00800B00                mov ebx, 0xb8000
    10 00000012 66B84F2F4B2F                mov eax, 0x2f4b2f4f
    11 00000018 66678903                    mov [ebx], eax
    12 0000001C B84100                      mov ax, 0x41
    13 0000001F BB9900                      mov bx, 0x99
    14 00000022 B91100                      mov cx, 0x11
    15 00000025 BAAB00                      mov dx, 0xAB
    16                                      ; mov dword [0xb8000], 0x2f4b2f4f
    17 00000028 CD10                        int 0x10
    18 0000002A 8902                        mov [bp + si], ax
    19 0000002C 891F                        mov [bx], bx
    20 0000002E 890F                        mov [bx], cx
    21 00000030 8917                        mov [bx], dx
    22 00000032 F4                      	hlt
    23                                  
    24                                  section	.data
    25                                  
    26 00000000 48656C6C6F2C20776F-     msg	db	'Hello, world!',0xa	;our dear string
    26 00000009 726C64210A         
    27                                  len	equ	$ - msg			;length of our dear string
    28                                  
    29                                  ; compile me with 
    30                                  ; nasm -f bin -o quesos.com quesos.S -l quesos.lst
